// Jest Snapshot v1, https://goo.gl/fbAQLP

exports[`BackHeader snapshot 1`] = `
<DocumentFragment>
  <div
    class="back"
  >
    <span
      data-testid="click"
    >
      <span
        class="anticon backIcon"
        role="img"
      >
        <svg
          aria-hidden="true"
          class=""
          fill="currentColor"
          focusable="false"
          height="1em"
          width="1em"
        >
          <use
            xlink:href="#alu-icon-fanhui"
          />
        </svg>
      </span>
       
      <span
        class="backText"
      >
        返回
      </span>
    </span>
  </div>
</DocumentFragment>
`;
